
> fondoia@1.0.0 preview
> vite preview --port 5199

  [32m➜[39m  [1mLocal[22m:   [36mhttp://localhost:[1m5199[22m/[39m
[2m  [32m➜[39m  [1mNetwork[22m[2m: use [22m[1m--host[22m[2m to expose[22m
[2m[32m  ➜[39m[22m[2m  press [22m[1mh + enter[22m[2m to show help[22m
[2m06:00:08[22m [31m[1m[vite][22m[39m [31mhttp proxy error: /api/analyze[39m
AggregateError [ECONNREFUSED]: 
    at internalConnectMultiple (node:net:1194:18)
    at afterConnectMultiple (node:net:1784:7)
[2m06:00:10[22m [31m[1m[vite][22m[39m [31mhttp proxy error: /api/analyze[39m
AggregateError [ECONNREFUSED]: 
    at internalConnectMultiple (node:net:1194:18)
    at afterConnectMultiple (node:net:1784:7)
[2m06:00:10[22m [31m[1m[vite][22m[39m [31mhttp proxy error: /api/analyze[39m
AggregateError [ECONNREFUSED]: 
    at internalConnectMultiple (node:net:1194:18)
    at afterConnectMultiple (node:net:1784:7)
[2m06:00:10[22m [31m[1m[vite][22m[39m [31mhttp proxy error: /api/analyze[39m
AggregateError [ECONNREFUSED]: 
    at internalConnectMultiple (node:net:1194:18)
    at afterConnectMultiple (node:net:1784:7)
